BlenderMCP: cannot start server in background mode (blender -b) - commands would never execute
BlenderMCP: run Blender with a GUI, or use a virtual display: xvfb-run -a blender
BlenderMCP addon registered
BlenderMCP server stopped
BlenderMCP addon unregistered
FBX version: 7400
FBX version: 7400
FBX version: 7400
FBX version: 7400
FBX version: 7400
FBX version: 7400
FBX version: 7400
FBX version: 7400
FBX version: 7400
FBX version: 7400
FBX version: 7400
FBX version: 7400
FBX version: 7400
FBX version: 7400
FBX version: 7400
FBX version: 7400
FBX version: 7400
FBX version: 7400
FBX version: 7400
FBX version: 7400
PASS: all 20 FBX exports preserve geometry counts and GameColor.
Blender 5.1.1 (hash b70da489d7f4 built 2026-04-14 01:46:23)

Blender quit
