00:00.947  blend            | Read blend: "/Users/kevinandersson/Desktop/SeaSick/art-staging/large-fish-v1/large-fish.blend"
00:03.728  render           | Saved: '/Users/kevinandersson/Desktop/SeaSick/art-staging/large-fish-v1/swim-frames/0001.png'
00:05.268  render           | Saved: '/Users/kevinandersson/Desktop/SeaSick/art-staging/large-fish-v1/swim-frames/0002.png'
00:06.538  render           | Saved: '/Users/kevinandersson/Desktop/SeaSick/art-staging/large-fish-v1/swim-frames/0003.png'
00:07.863  render           | Saved: '/Users/kevinandersson/Desktop/SeaSick/art-staging/large-fish-v1/swim-frames/0004.png'
00:09.282  render           | Saved: '/Users/kevinandersson/Desktop/SeaSick/art-staging/large-fish-v1/swim-frames/0005.png'
00:10.651  render           | Saved: '/Users/kevinandersson/Desktop/SeaSick/art-staging/large-fish-v1/swim-frames/0006.png'
00:11.935  render           | Saved: '/Users/kevinandersson/Desktop/SeaSick/art-staging/large-fish-v1/swim-frames/0007.png'
00:13.191  render           | Saved: '/Users/kevinandersson/Desktop/SeaSick/art-staging/large-fish-v1/swim-frames/0008.png'
00:14.427  render           | Saved: '/Users/kevinandersson/Desktop/SeaSick/art-staging/large-fish-v1/swim-frames/0009.png'
00:15.673  render           | Saved: '/Users/kevinandersson/Desktop/SeaSick/art-staging/large-fish-v1/swim-frames/0010.png'
00:16.924  render           | Saved: '/Users/kevinandersson/Desktop/SeaSick/art-staging/large-fish-v1/swim-frames/0011.png'
00:18.176  render           | Saved: '/Users/kevinandersson/Desktop/SeaSick/art-staging/large-fish-v1/swim-frames/0012.png'
00:19.428  render           | Saved: '/Users/kevinandersson/Desktop/SeaSick/art-staging/large-fish-v1/swim-frames/0013.png'
00:20.693  render           | Saved: '/Users/kevinandersson/Desktop/SeaSick/art-staging/large-fish-v1/swim-frames/0014.png'
00:21.948  render           | Saved: '/Users/kevinandersson/Desktop/SeaSick/art-staging/large-fish-v1/swim-frames/0015.png'
00:23.213  render           | Saved: '/Users/kevinandersson/Desktop/SeaSick/art-staging/large-fish-v1/swim-frames/0016.png'
00:24.457  render           | Saved: '/Users/kevinandersson/Desktop/SeaSick/art-staging/large-fish-v1/swim-frames/0017.png'
00:25.701  render           | Saved: '/Users/kevinandersson/Desktop/SeaSick/art-staging/large-fish-v1/swim-frames/0018.png'
00:26.990  render           | Saved: '/Users/kevinandersson/Desktop/SeaSick/art-staging/large-fish-v1/swim-frames/0019.png'
00:28.254  render           | Saved: '/Users/kevinandersson/Desktop/SeaSick/art-staging/large-fish-v1/swim-frames/0020.png'
00:29.504  render           | Saved: '/Users/kevinandersson/Desktop/SeaSick/art-staging/large-fish-v1/swim-frames/0021.png'
00:30.783  render           | Saved: '/Users/kevinandersson/Desktop/SeaSick/art-staging/large-fish-v1/swim-frames/0022.png'
00:32.036  render           | Saved: '/Users/kevinandersson/Desktop/SeaSick/art-staging/large-fish-v1/swim-frames/0023.png'
00:33.282  render           | Saved: '/Users/kevinandersson/Desktop/SeaSick/art-staging/large-fish-v1/swim-frames/0024.png'
00:34.508  render           | Saved: '/Users/kevinandersson/Desktop/SeaSick/art-staging/large-fish-v1/swim-frames/0025.png'
00:35.729  render           | Saved: '/Users/kevinandersson/Desktop/SeaSick/art-staging/large-fish-v1/swim-frames/0026.png'
00:36.973  render           | Saved: '/Users/kevinandersson/Desktop/SeaSick/art-staging/large-fish-v1/swim-frames/0027.png'
00:38.232  render           | Saved: '/Users/kevinandersson/Desktop/SeaSick/art-staging/large-fish-v1/swim-frames/0028.png'
00:39.534  render           | Saved: '/Users/kevinandersson/Desktop/SeaSick/art-staging/large-fish-v1/swim-frames/0029.png'
00:40.796  render           | Saved: '/Users/kevinandersson/Desktop/SeaSick/art-staging/large-fish-v1/swim-frames/0030.png'
00:42.033  render           | Saved: '/Users/kevinandersson/Desktop/SeaSick/art-staging/large-fish-v1/swim-frames/0031.png'
00:43.279  render           | Saved: '/Users/kevinandersson/Desktop/SeaSick/art-staging/large-fish-v1/swim-frames/0032.png'
00:44.519  render           | Saved: '/Users/kevinandersson/Desktop/SeaSick/art-staging/large-fish-v1/swim-frames/0033.png'
00:45.753  render           | Saved: '/Users/kevinandersson/Desktop/SeaSick/art-staging/large-fish-v1/swim-frames/0034.png'
00:47.008  render           | Saved: '/Users/kevinandersson/Desktop/SeaSick/art-staging/large-fish-v1/swim-frames/0035.png'
00:48.267  render           | Saved: '/Users/kevinandersson/Desktop/SeaSick/art-staging/large-fish-v1/swim-frames/0036.png'
00:49.531  render           | Saved: '/Users/kevinandersson/Desktop/SeaSick/art-staging/large-fish-v1/swim-frames/0037.png'
00:50.830  render           | Saved: '/Users/kevinandersson/Desktop/SeaSick/art-staging/large-fish-v1/swim-frames/0038.png'
00:52.158  render           | Saved: '/Users/kevinandersson/Desktop/SeaSick/art-staging/large-fish-v1/swim-frames/0039.png'
00:53.459  render           | Saved: '/Users/kevinandersson/Desktop/SeaSick/art-staging/large-fish-v1/swim-frames/0040.png'
00:54.772  render           | Saved: '/Users/kevinandersson/Desktop/SeaSick/art-staging/large-fish-v1/swim-frames/0041.png'
00:56.086  render           | Saved: '/Users/kevinandersson/Desktop/SeaSick/art-staging/large-fish-v1/swim-frames/0042.png'
00:57.367  render           | Saved: '/Users/kevinandersson/Desktop/SeaSick/art-staging/large-fish-v1/swim-frames/0043.png'
00:58.751  render           | Saved: '/Users/kevinandersson/Desktop/SeaSick/art-staging/large-fish-v1/swim-frames/0044.png'
01:00.121  render           | Saved: '/Users/kevinandersson/Desktop/SeaSick/art-staging/large-fish-v1/swim-frames/0045.png'
01:01.773  render           | Saved: '/Users/kevinandersson/Desktop/SeaSick/art-staging/large-fish-v1/swim-frames/0046.png'
01:03.234  render           | Saved: '/Users/kevinandersson/Desktop/SeaSick/art-staging/large-fish-v1/swim-frames/0047.png'
01:04.546  render           | Saved: '/Users/kevinandersson/Desktop/SeaSick/art-staging/large-fish-v1/swim-frames/0048.png'
BlenderMCP: cannot start server in background mode (blender -b) - commands would never execute
BlenderMCP: run Blender with a GUI, or use a virtual display: xvfb-run -a blender
BlenderMCP addon registered
BlenderMCP server stopped
BlenderMCP addon unregistered
Blender 5.1.1 (hash b70da489d7f4 built 2026-04-14 01:46:23)

Blender quit
